10:08:09 **** Incremental Build of configuration Debug for project Lab_ex ****
make -j16 all 
arm-none-eabi-gcc "../Core/Src/main.c" -mcpu=cortex-m3 -std=gnu11 -g3 -DDEBUG -DUSE_HAL_DRIVER -DSTM32F103xB -c -I../Core/Inc -I../Drivers/STM32F1xx_HAL_Driver/Inc -I../Drivers/STM32F1xx_HAL_Driver/Inc/Legacy -I../Drivers/CMSIS/Device/ST/STM32F1xx/Include -I../Drivers/CMSIS/Include -O0 -ffunction-sections -fdata-sections -Wall -fstack-usage -MMD -MP -MF"Core/Src/main.d" -MT"Core/Src/main.o" --specs=nano.specs -mfloat-abi=soft -mthumb -o "Core/Src/main.o"
arm-none-eabi-gcc -o "Lab_ex.elf" @"objects.list"   -mcpu=cortex-m3 -T"D:\STM32CubeIDE_1.7.0\Lab_ex\STM32F103RBTX_FLASH.ld" --specs=nosys.specs -Wl,-Map="Lab_ex.map" -Wl,--gc-sections -static --specs=nano.specs -mfloat-abi=soft -mthumb -Wl,--start-group -lc -lm -Wl,--end-group
Finished building target: Lab_ex.elf
 
arm-none-eabi-size   Lab_ex.elf 
arm-none-eabi-objdump -h -S  Lab_ex.elf  > "Lab_ex.list"
arm-none-eabi-objcopy  -O ihex  Lab_ex.elf  "Lab_ex.hex"
   text	   data	    bss	    dec	    hex	filename
   9020	     36	   1804	  10860	   2a6c	Lab_ex.elf
arm-none-eabi-objcopy  -O binary  Lab_ex.elf  "Lab_ex.bin"
Finished building: default.size.stdout
 
Finished building: Lab_ex.hex
Finished building: Lab_ex.bin
 
Finished building: Lab_ex.list
 
 

10:08:10 Build Finished. 0 errors, 0 warnings. (took 601ms)

